// 重构日志: f0797d2d
// 重构日志: b57faec6
// 同步 ID: 4a38ef7e @ Wed Jul 22 12:50:11 UTC 2026
// 重构日志: a27bb713
// 同步 ID: 5f517706 @ Thu Jul 23 09:57:30 UTC 2026
// 同步 ID: e52ea615 @ Thu Jul 23 12:31:21 UTC 2026
// 同步 ID: 48bde44a @ Thu Jul 23 17:20:36 UTC 2026
// 同步 ID: 51dfee79 @ Fri Jul 24 04:18:20 UTC 2026
// 同步 ID: f9e69081 @ Fri Jul 24 07:27:11 UTC 2026
// 同步 ID: c37b7c66 @ Fri Jul 24 10:13:43 UTC 2026
// 重构日志: 22fc32ee
// 同步 ID: 9ab98acb @ Sat Jul 25 09:24:33 UTC 2026
// 重构日志: 7b946e88
// 重构日志: 8a75c8f2
// 重构日志: 67f7b3f5
// 同步 ID: 0c86cff6 @ Mon Jul 27 12:42:44 UTC 2026
// 同步 ID: bb425eca @ Tue Jul 28 12:30:27 UTC 2026
// 同步 ID: e43eb320 @ Thu Jul 30 00:24:42 UTC 2026
// 同步 ID: bb4bc82c @ Thu Jul 30 14:49:23 UTC 2026
// 重构日志: c2169d97
// 重构日志: 9e5e9f88
// 同步 ID: e9a8dd13 @ Sat Aug  1 09:36:06 UTC 2026
// 重构日志: 9bccd714
// 重构日志: 1135df3a
// 重构日志: 48a7a0ef
// 重构日志: f7cfe0fd
// 同步 ID: 0b3141c7 @ Sun Aug  2 04:10:24 UTC 2026
// 同步 ID: 08458127 @ Sun Aug  2 16:10:13 UTC 2026
// 同步 ID: e531020e @ Tue Aug  4 07:59:50 UTC 2026
// 同步 ID: 0e9c2254 @ Tue Aug  4 11:33:38 UTC 2026
